// Jest Snapshot v1, https://goo.gl/fbAQLP

exports[`Loads Profile Card with Props 1`] = `
<div
  className="ui card"
  href={undefined}
  onClick={[Function]}
>
  <img
    className="ui image"
    src="http://test.com/image.jpg"
  />
  <div
    className="content"
  >
    <div
      className="header"
    >
      Tester
    </div>
    <div
      className="meta"
    />
  </div>
</div>
`;
