// Jest Snapshot v1, https://goo.gl/fbAQLP

exports[`Loads Profile Card with Props 1`] = `
<div
  className="ui card"
  onClick={[Function]}
>
  <img
    className="ui image"
    onError={[Function]}
    src="test-file-stub"
  />
  <div
    className="content"
  >
    <div
      className="header"
    >
      Tester
    </div>
    <div
      className="meta"
    />
  </div>
</div>
`;
